// Jest Snapshot v1, https://goo.gl/fbAQLP

exports[`SearchForm should match the snapshot 1`] = `
<form
  className="searchForm"
  onSubmit={[Function]}
>
  <input
    name="searchTerm"
    onChange={[Function]}
    placeholder="repository name"
    type="text"
    value=""
  />
  <button
    type="submit"
  >
    Search
  </button>
</form>
`;
